2025/10/14 02:09:59 Successfully connected to database
[GIN-debug] [WARNING] Creating an Engine instance with the Logger and Recovery middleware already attached.

[GIN-debug] [WARNING] Running in "debug" mode. Switch to "release" mode in production.
 - using env:	export GIN_MODE=release
 - using code:	gin.SetMode(gin.ReleaseMode)

[GIN-debug] GET    /api/health               --> main.main.func1 (4 handlers)
[GIN-debug] GET    /swagger/*any             --> github.com/swaggo/gin-swagger.CustomWrapHandler.func1 (4 handlers)
[GIN-debug] POST   /api/users                --> main.main.func2 (4 handlers)
[GIN-debug] GET    /api/users                --> main.main.func3 (4 handlers)
[GIN-debug] GET    /api/users/:id            --> main.main.func4 (4 handlers)
[GIN-debug] PUT    /api/users/:id            --> main.main.func5 (4 handlers)
[GIN-debug] DELETE /api/users/:id            --> main.main.func6 (4 handlers)
[GIN-debug] POST   /api/login                --> main.main.func7 (4 handlers)
[GIN-debug] POST   /api/courses              --> main.main.func8 (4 handlers)
[GIN-debug] GET    /api/courses              --> main.main.func9 (4 handlers)
[GIN-debug] GET    /api/courses/:id          --> main.main.func10 (4 handlers)
[GIN-debug] GET    /api/courses/:id/access   --> main.main.func11 (4 handlers)
[GIN-debug] PUT    /api/courses/:id          --> main.main.func12 (4 handlers)
[GIN-debug] DELETE /api/courses/:id          --> main.main.func13 (4 handlers)
[GIN-debug] GET    /api/exams/course/:courseId --> main.main.func14 (4 handlers)
[GIN-debug] POST   /api/exam-results         --> main.main.func15 (4 handlers)
[GIN-debug] GET    /api/exam-answers/:courseId --> main.main.func16 (4 handlers)
[GIN-debug] GET    /api/dashboard/:userId    --> main.main.func17 (4 handlers)
[GIN-debug] GET    /api/hr/dashboard-stats   --> main.main.func18 (4 handlers)
[GIN-debug] POST   /api/course-progress      --> main.main.func19 (4 handlers)
[GIN-debug] [WARNING] You trusted all proxies, this is NOT safe. We recommend you to set a value.
Please check https://github.com/gin-gonic/gin/blob/master/docs/doc.md#dont-trust-all-proxies for details.
[GIN-debug] Listening and serving HTTP on :8080
[GIN] 2025/10/14 - 02:11:55 | 200 |     1.35587ms |             ::1 | GET      "/api/health"
[GIN] 2025/10/14 - 02:12:43 | 200 |      38.321µs |             ::1 | GET      "/api/health"
[GIN] 2025/10/14 - 02:12:43 | 200 |   78.290218ms |             ::1 | GET      "/api/users"
2025/10/14 02:12:43 Login request from origin: 
2025/10/14 02:12:43 Login request method: POST
2025/10/14 02:12:43 Login attempt for email: employee@example.com
[GIN] 2025/10/14 - 02:12:44 | 200 |  105.295424ms |             ::1 | POST     "/api/login"
[GIN] 2025/10/14 - 02:13:15 | 204 |      28.823µs |             ::1 | OPTIONS  "/api/courses"
[GIN] 2025/10/14 - 02:13:15 | 204 |      14.637µs |             ::1 | OPTIONS  "/api/courses"
[GIN] 2025/10/14 - 02:13:15 | 200 |    2.175701ms |             ::1 | GET      "/api/courses"
[GIN] 2025/10/14 - 02:13:15 | 200 |     510.563µs |             ::1 | GET      "/api/courses"
[GIN] 2025/10/14 - 02:13:26 | 204 |       5.471µs |             ::1 | OPTIONS  "/api/login"
2025/10/14 02:13:26 Login request from origin: http://127.0.0.1:3000
2025/10/14 02:13:26 Login request method: POST
2025/10/14 02:13:26 Login attempt for email: hr@example.com
[GIN] 2025/10/14 - 02:13:26 | 200 |     754.145µs |             ::1 | POST     "/api/login"
[GIN] 2025/10/14 - 02:13:26 | 204 |       5.901µs |             ::1 | OPTIONS  "/api/hr/dashboard-stats"
[GIN] 2025/10/14 - 02:13:26 | 204 |       5.299µs |             ::1 | OPTIONS  "/api/hr/dashboard-stats"
[GIN] 2025/10/14 - 02:13:27 | 200 |  158.169419ms |             ::1 | GET      "/api/hr/dashboard-stats"
[GIN] 2025/10/14 - 02:13:27 | 200 |    2.042323ms |             ::1 | GET      "/api/hr/dashboard-stats"
[GIN] 2025/10/14 - 02:13:29 | 204 |       6.873µs |             ::1 | OPTIONS  "/api/users"
[GIN] 2025/10/14 - 02:13:29 | 204 |       3.516µs |             ::1 | OPTIONS  "/api/users"
[GIN] 2025/10/14 - 02:13:29 | 200 |     451.853µs |             ::1 | GET      "/api/users"
[GIN] 2025/10/14 - 02:13:29 | 200 |     464.079µs |             ::1 | GET      "/api/users"
[GIN] 2025/10/14 - 02:13:36 | 204 |       5.961µs |             ::1 | OPTIONS  "/api/users/10"
2025/10/14 02:13:36 User 10 deleted successfully with all related data
[GIN] 2025/10/14 - 02:13:36 | 200 |    5.271087ms |             ::1 | DELETE   "/api/users/10"
[GIN] 2025/10/14 - 02:13:42 | 204 |       5.841µs |             ::1 | OPTIONS  "/api/users/15"
2025/10/14 02:13:42 User 15 deleted successfully with all related data
[GIN] 2025/10/14 - 02:13:42 | 200 |    2.933293ms |             ::1 | DELETE   "/api/users/15"
[GIN] 2025/10/14 - 02:13:45 | 200 |     556.329µs |             ::1 | GET      "/api/users"
[GIN] 2025/10/14 - 02:13:45 | 200 |      439.84µs |             ::1 | GET      "/api/users"
[GIN] 2025/10/14 - 02:13:46 | 200 |     576.093µs |             ::1 | GET      "/api/users"
[GIN] 2025/10/14 - 02:13:46 | 200 |     544.927µs |             ::1 | GET      "/api/users"
[GIN] 2025/10/14 - 02:13:58 | 200 |      598.72µs |             ::1 | GET      "/api/courses"
[GIN] 2025/10/14 - 02:13:58 | 200 |     535.653µs |             ::1 | GET      "/api/courses"
[GIN] 2025/10/14 - 02:14:03 | 204 |      11.742µs |             ::1 | OPTIONS  "/api/exam-answers/6"
[GIN] 2025/10/14 - 02:14:03 | 200 |     882.638µs |             ::1 | GET      "/api/exam-answers/6"
[GIN] 2025/10/14 - 02:14:05 | 204 |       6.772µs |             ::1 | OPTIONS  "/api/exam-answers/10"
[GIN] 2025/10/14 - 02:14:05 | 200 |     827.607µs |             ::1 | GET      "/api/exam-answers/10"
[GIN] 2025/10/14 - 02:14:08 | 200 |     522.382µs |             ::1 | GET      "/api/users"
[GIN] 2025/10/14 - 02:14:08 | 200 |     409.865µs |             ::1 | GET      "/api/courses"
[GIN] 2025/10/14 - 02:14:08 | 200 |     301.815µs |             ::1 | GET      "/api/users"
[GIN] 2025/10/14 - 02:14:08 | 200 |     417.281µs |             ::1 | GET      "/api/courses"
[GIN] 2025/10/14 - 02:14:12 | 204 |       6.202µs |             ::1 | OPTIONS  "/api/courses/10"
[GIN] 2025/10/14 - 02:14:12 | 200 |    4.415161ms |             ::1 | DELETE   "/api/courses/10"
[GIN] 2025/10/14 - 02:14:14 | 200 |     604.247µs |             ::1 | GET      "/api/courses"
[GIN] 2025/10/14 - 02:14:17 | 200 |     692.633µs |             ::1 | GET      "/api/courses"
[GIN] 2025/10/14 - 02:14:17 | 200 |     558.843µs |             ::1 | GET      "/api/courses"
[GIN] 2025/10/14 - 02:14:18 | 200 |    1.962313ms |             ::1 | GET      "/api/hr/dashboard-stats"
